[1/107] met-gcms|principle found ['PMC9325463']
[2/107] met-gcms|limitation found ['PMC11929145', 'PMC12567947']
[3/107] met-gcfid|application found ['PMC9331811', 'PMC8840458']
[4/107] met-hsgc|application found ['PMC9144713', 'PMC9331811']
[5/107] met-lcmsms|principle found ['PMC11435590', 'PMC11269451']
[6/107] met-lcmsms|matrix found ['PMC10761401', 'PMC6321130']
[7/107] met-hplc|application found ['PMC12567947', 'PMC9144076']
[8/107] met-tlc|application found ['PMC2688477', 'PMC9860899']
[9/107] met-uvvis|application found ['PMC8246848', 'PMC12325415']
[10/107] met-immunoassay|principle found ['PMC2688477', 'PMC3231171']
[11/107] met-spectroscopy|application found ['PMC12799672', 'PMC5981217']
[12/107] met-hrms|screening found ['PMC7987635', 'PMC11022238']
[13/107] met-spe|principle found ['PMC11022238', 'PMC10346202']
[14/107] met-lle|principle found ['PMC8347684', 'PMC11496346']
[15/107] met-ppt|principle found ['PMC10761401', 'PMC12348445']
[16/107] met-quechers|application found ['PMC12858495', 'PMC12858534']
[17/107] met-deriv|principle found ['PMC12940598', 'PMC6747491']
[18/107] met-calibration|principle found ['PMC10582484', 'PMC11755661']
[19/107] met-validation|principle found ['PMC12734456']
[20/107] met-uncertainty|principle found ['PMC9331811', 'PMC5696754']
[21/107] met-qc|principle not_found []
[22/107] met-idcriteria|principle found ['PMC12692283']
[23/107] met-postmortem-redistribution|limitation found ['PMC13234939', 'PMC11790690']
[24/107] rea-marquis|composition found ['PMC8588055']
[25/107] rea-marquis|use not_found []
[26/107] rea-mecke|composition found ['PMC8635566', 'PMC13189459']
[27/107] rea-mecke|use not_found []
[28/107] rea-mandelin|composition not_found []
[29/107] rea-mandelin|use not_found []
[30/107] rea-simon|composition not_found []
[31/107] rea-simon|use not_found []
[32/107] rea-scott|composition not_found []
[33/107] rea-scott|use not_found []
[34/107] rea-cobalt-thiocyanate|composition not_found []
[35/107] rea-cobalt-thiocyanate|use not_found []
[36/107] rea-duquenois|composition found ['PMC12223337', 'PMC3813261']
[37/107] rea-duquenois|use not_found []
[38/107] rea-ehrlich|composition not_found []
[39/107] rea-ehrlich|use not_found []
[40/107] rea-dragendorff|composition found ['PMC3032759', 'PMC11421204']
[41/107] rea-dragendorff|use not_found []
[42/107] rea-fast-blue-bb|composition not_found []
[43/107] rea-fast-blue-bb|use not_found []
[44/107] rea-ninhydrin|composition not_found []
[45/107] rea-ninhydrin|use not_found []
[46/107] rea-iodoplatinate|composition found ['PMC3596733']
[47/107] rea-iodoplatinate|use not_found []
[48/107] rea-trinder|composition not_found []
[49/107] rea-trinder|use not_found []
[50/107] scr-fts|performance not_found []
[51/107] scr-fts|limitation found ['PMC10702106', 'PMC11425806']
[52/107] scr-benzo-ia|limitation found ['PMC8746686']
[53/107] scr-amph-ia|limitation found ['PMC6379996', 'PMC11011420']
[54/107] scr-opiate-ia|limitation found ['PMC2688477']
[55/107] scr-cannabis-ia|limitation found ['PMC4029917', 'PMC12182218']
[56/107] scr-fentanyl-ia|application found ['PMC12430130', 'PMC11371532']
[57/107] scr-oral-fluid|limitation found ['PMC10968443', 'PMC6856818']
[58/107] scr-colour|limitation found ['PMC9305489', 'PMC11961553']
[59/107] scr-ia-confirm|principle found ['PMC11371532', 'PMC2688477']
[60/107] fm-death-investigation|definition found ['PMC12325475', 'PMC11490512']
[61/107] fm-cause-manner|definition not_found []
[62/107] fm-mechanism-of-death|definition not_found []
[63/107] fm-postmortem-changes|definition found ['PMC10258654', 'PMC7725292']
[64/107] fm-rigor-mortis|definition found ['PMC5863043', 'PMC12560940']
[65/107] fm-decomposition|definition found ['PMC8205910', 'PMC12470946']
[66/107] fm-pmi-methods|limitation found ['PMC12346081', 'PMC12957013']
[67/107] fm-blunt-trauma|definition found ['PMC9804827', 'PMC11964116']
[68/107] fm-sharp-trauma|definition not_found []
[69/107] fm-firearm|definition found ['PMC10792621', 'PMC11476102']
[70/107] fm-asphyxia|definition found ['PMC13030192', 'PMC13161347']
[71/107] fm-drowning|limitation found ['PMC11850479', 'PMC10421782']
[72/107] fm-burns|marker found ['PMC12609627', 'PMC10417010']
[73/107] fm-electrical|definition found ['PMC12009613', 'PMC10014766']
[74/107] fm-hypothermia|marker found ['PMC11164732', 'PMC8955028']
[75/107] fm-hyperthermia|definition found ['PMC10531952', 'PMC6373338']
[76/107] fm-anthropology|definition found ['PMC11306639', 'PMC9602128']
[77/107] fm-age-estimation|limitation found ['PMC11694602', 'PMC11084977']
[78/107] fm-sex-estimation|marker found ['PMC11627412', 'PMC10121348']
[79/107] fm-stature-estimation|marker found ['PMC11732771', 'PMC13329083']
[80/107] fm-odontology|definition found ['PMC10594786', 'PMC6968523']
[81/107] fm-dvi|definition found ['PMC7646573', 'PMC7654639']
[82/107] fm-pm-imaging|definition found ['PMC11953209', 'PMC7220088']
[83/107] his-sampling|principle found ['PMC7220088', 'PMC12841370']
[84/107] his-fixation|principle found ['PMC4169649', 'PMC4556454']
[85/107] his-he-stain|principle found ['PMC1550228', 'PMC3458269']
[86/107] his-ihc|application found ['PMC8770859', 'PMC12170769']
[87/107] his-wound-vitality|limitation found ['PMC8770859', 'PMC12861040']
[88/107] his-mi-early|marker found ['PMC3663776', 'PMC11277133']
[89/107] his-putrefaction-artifact|limitation found ['PMC13340943', 'PMC11277133']
[90/107] his-fat-embolism|marker found ['PMC10085886', 'PMC10965743']
[91/107] his-drowning|limitation found ['PMC7220088', 'PMC7782435']
[92/107] his-sids|limitation found ['PMC12841370']
[93/107] bio-vitreous-sodium-chloride|marker found ['PMC8773483', 'PMC10885086']
[94/107] bio-vitreous-urea-creatinine|marker found ['PMC12354637', 'PMC13163109']
[95/107] bio-vitreous-glucose|limitation found ['PMC5074458', 'PMC4500977']
[96/107] bio-bhb-ketoacidosis|marker found ['PMC4500977', 'PMC12170697']
[97/107] bio-hba1c|marker found ['PMC4500977', 'PMC8066580']
[98/107] bio-tryptase|marker found ['PMC12584128', 'PMC10177871']
[99/107] bio-crp-procalcitonin|marker found ['PMC10314941', 'PMC4009711']
[100/107] bio-cardiac-markers|limitation found ['PMC12354503', 'PMC11719723']
[101/107] bio-insulin-cpeptide|marker found ['PMC9636090', 'PMC9687110']
[102/107] bio-csf|application found ['PMC8205912', 'PMC8301791']
[103/107] bio-preanalytical-hemolysis|limitation found ['PMC6179268', 'PMC8228401']
[104/107] bio-sampling-site|limitation found ['PMC8672767', 'PMC11790690']
[105/107] bio-ethanol-neoformation|limitation found ['PMC10972208', 'PMC8840458']
[106/107] bio-cocaine-stability|limitation found ['PMC8839019', 'PMC13553925']
[107/107] bio-temperature-effect|limitation found ['PMC12532652', 'PMC11269370']
