[1/411] ethanol|metabolism found ['PMC3166768', 'PMC9954650']
[2/411] ethanol|analytical found ['PMC12793923', 'PMC7355602']
[3/411] ethanol|concentration found ['PMC12839845', 'PMC5759182']
[4/411] methanol|metabolism found ['PMC7808614', 'PMC10008642']
[5/411] methanol|analytical found ['PMC5759182', 'PMC13120101']
[6/411] methanol|concentration found ['PMC12839845', 'PMC5759182']
[7/411] isopropanol|metabolism found ['PMC5894183', 'PMC5080687']
[8/411] isopropanol|analytical found ['PMC13214764', 'PMC5295503']
[9/411] isopropanol|concentration not_found []
[10/411] acetone|metabolism found ['PMC6330746', 'PMC10823632']
[11/411] acetone|analytical found ['PMC12234996', 'PMC4889849']
[12/411] acetone|concentration not_found []
[13/411] ethylene-glycol|metabolism found ['PMC7158088', 'PMC3279503']
[14/411] ethylene-glycol|analytical found ['PMC11417905', 'PMC13197575']
[15/411] ethylene-glycol|concentration found ['PMC11417905', 'PMC6607589']
[16/411] diethylene-glycol|metabolism found ['PMC13502081', 'PMC13197575']
[17/411] diethylene-glycol|analytical found ['PMC13197575', 'PMC4454939']
[18/411] diethylene-glycol|concentration not_found []
[19/411] toluene|metabolism found ['PMC9569087', 'PMC5595782']
[20/411] toluene|analytical found ['PMC3539900', 'PMC8003615']
[21/411] toluene|concentration found ['PMC4539858']
[22/411] butane|metabolism found ['PMC10811727', 'PMC6056644']
[23/411] butane|analytical not_found []
[24/411] butane|concentration not_found []
[25/411] chloroform|metabolism found ['PMC5633678', 'PMC10696813']
[26/411] chloroform|analytical found ['PMC9822528', 'PMC11227942']
[27/411] chloroform|concentration found ['PMC9822528']
[28/411] difluoroethane|metabolism found ['PMC6011111', 'PMC7588963']
[29/411] difluoroethane|analytical not_found []
[30/411] difluoroethane|concentration not_found []
[31/411] carbon-monoxide|metabolism found ['PMC7432926', 'PMC11670904']
[32/411] carbon-monoxide|analytical found ['PMC8246848', 'PMC7919791']
[33/411] carbon-monoxide|concentration not_found []
[34/411] hydrogen-cyanide|metabolism found ['PMC9887668', 'PMC11123099']
[35/411] hydrogen-cyanide|analytical found ['PMC8469058', 'PMC5333837']
[36/411] hydrogen-cyanide|concentration found ['PMC7645636']
[37/411] hydrogen-sulfide|metabolism found ['PMC11182692', 'PMC13176243']
[38/411] hydrogen-sulfide|analytical found ['PMC11650590', 'PMC5390247']
[39/411] hydrogen-sulfide|concentration found ['PMC11650590']
[40/411] phosphine|metabolism found ['PMC10757423']
[41/411] phosphine|analytical not_found []
[42/411] phosphine|concentration not_found []
[43/411] nitrous-oxide|metabolism found ['PMC13394691']
[44/411] nitrous-oxide|analytical not_found []
[45/411] nitrous-oxide|concentration not_found []
[46/411] morphine|metabolism found ['PMC13460764', 'PMC10975434']
[47/411] morphine|analytical found ['PMC8400298', 'PMC9331542']
[48/411] morphine|concentration found ['PMC7578170', 'PMC11004028']
[49/411] codeine|metabolism found ['PMC13460764', 'PMC6631257']
[50/411] codeine|analytical found ['PMC12846103', 'PMC7913935']
[51/411] codeine|concentration found ['PMC12846103']
[52/411] heroin|metabolism found ['PMC12567947', 'PMC9443947']
[53/411] heroin|analytical found ['PMC7791828', 'PMC3600520']
[54/411] heroin|concentration found ['PMC6829933', 'PMC10099738']
[55/411] 6-mam|metabolism found ['PMC12937638', 'PMC12190285']
[56/411] 6-mam|analytical found ['PMC11945869', 'PMC12567947']
[57/411] 6-mam|concentration found ['PMC10099738', 'PMC12567947']
[58/411] hydrocodone|metabolism found ['PMC13199760', 'PMC6174210']
[59/411] hydrocodone|analytical not_found []
[60/411] hydrocodone|concentration not_found []
[61/411] hydromorphone|metabolism found ['PMC12597549', 'PMC8257471']
[62/411] hydromorphone|analytical found ['PMC9256429']
[63/411] hydromorphone|concentration not_found []
[64/411] oxycodone|metabolism found ['PMC3610662', 'PMC8468517']
[65/411] oxycodone|analytical found ['PMC9576662', 'PMC9671979']
[66/411] oxycodone|concentration found ['PMC9576662', 'PMC13305030']
[67/411] oxymorphone|metabolism found ['PMC8468517', 'PMC8199682']
[68/411] oxymorphone|analytical found ['PMC8468517']
[69/411] oxymorphone|concentration found ['PMC6212520']
[70/411] methadone|metabolism found ['PMC7164646', 'PMC3720619']
[71/411] methadone|analytical found ['PMC7870766', 'PMC9739625']
[72/411] methadone|concentration found ['PMC12808249', 'PMC8004630']
[73/411] buprenorphine|metabolism found ['PMC4919189', 'PMC10610465']
[74/411] buprenorphine|analytical found ['PMC10011066', 'PMC10004423']
[75/411] buprenorphine|concentration found ['PMC10610465', 'PMC7449946']
[76/411] tramadol|metabolism found ['PMC12300021', 'PMC8082457']
[77/411] tramadol|analytical found ['PMC12842606', 'PMC7928481']
[78/411] tramadol|concentration found ['PMC9886908', 'PMC6904963']
[79/411] tapentadol|metabolism found ['PMC9282738']
[80/411] tapentadol|analytical found ['PMC12842606', 'PMC9282738']
[81/411] tapentadol|concentration not_found []
[82/411] fentanyl|metabolism found ['PMC6342890', 'PMC6786992']
[83/411] fentanyl|analytical found ['PMC9715521', 'PMC12401624']
[84/411] fentanyl|concentration found ['PMC9863810', 'PMC10808286']
[85/411] norfentanyl|metabolism found ['PMC6454115', 'PMC10416144']
[86/411] norfentanyl|analytical found ['PMC11371532', 'PMC6786992']
[87/411] norfentanyl|concentration found ['PMC6454115', 'PMC12241275']
[88/411] carfentanil|metabolism found ['PMC10674982', 'PMC5962730']
[89/411] carfentanil|analytical found ['PMC5962730', 'PMC5754389']
[90/411] carfentanil|concentration found ['PMC5754389', 'PMC6609322']
[91/411] acetylfentanyl|metabolism found ['PMC9629642', 'PMC6454115']
[92/411] acetylfentanyl|analytical found ['PMC9629642']
[93/411] acetylfentanyl|concentration found ['PMC6454115']
[94/411] furanylfentanyl|metabolism found ['PMC6454115']
[95/411] furanylfentanyl|analytical found ['PMC6314982', 'PMC11306479']
[96/411] furanylfentanyl|concentration found ['PMC6609322', 'PMC11306479']
[97/411] sufentanil|metabolism found ['PMC5287983', 'PMC6818204']
[98/411] sufentanil|analytical found ['PMC12734456', 'PMC12580163']
[99/411] sufentanil|concentration not_found []
[100/411] alfentanil|metabolism found ['PMC7768509', 'PMC11124264']
[101/411] alfentanil|analytical not_found []
[102/411] alfentanil|concentration not_found []
[103/411] isotonitazene|metabolism found ['PMC11291330', 'PMC11169013']
[104/411] isotonitazene|analytical found ['PMC11169013', 'PMC13304115']
[105/411] isotonitazene|concentration not_found []
[106/411] metonitazene|metabolism found ['PMC11169013', 'PMC13391657']
[107/411] metonitazene|analytical found ['PMC11169013', 'PMC12794522']
[108/411] metonitazene|concentration found ['PMC11324687']
[109/411] protonitazene|metabolism found ['PMC12195359', 'PMC12695736']
[110/411] protonitazene|analytical found ['PMC12956980', 'PMC11594323']
[111/411] protonitazene|concentration found ['PMC12956980', 'PMC12195359']
[112/411] etonitazene|metabolism found ['PMC12956958', 'PMC13391657']
[113/411] etonitazene|analytical found ['PMC12956958', 'PMC11324687']
[114/411] etonitazene|concentration found ['PMC12956958', 'PMC11324687']
[115/411] etonitazepyne|metabolism not_found []
[116/411] etonitazepyne|analytical not_found []
[117/411] etonitazepyne|concentration not_found []
[118/411] mitragynine|metabolism found ['PMC9314834', 'PMC12679550']
[119/411] mitragynine|analytical found ['PMC10934259', 'PMC9572452']
[120/411] mitragynine|concentration found ['PMC6930223', 'PMC4275233']
[121/411] loperamide|metabolism found ['PMC9261480', 'PMC10527387']
[122/411] loperamide|analytical found ['PMC3493557']
[123/411] loperamide|concentration not_found []
[124/411] dextromethorphan|metabolism found ['PMC11462627', 'PMC3966352']
[125/411] dextromethorphan|analytical found ['PMC9570840']
[126/411] dextromethorphan|concentration not_found []
[127/411] cocaine|metabolism found ['PMC9837138', 'PMC9502494']
[128/411] cocaine|analytical found ['PMC7005170', 'PMC12471889']
[129/411] cocaine|concentration found ['PMC13553925', 'PMC12975439']
[130/411] benzoylecgonine|metabolism found ['PMC9837138', 'PMC3251699']
[131/411] benzoylecgonine|analytical not_found []
[132/411] benzoylecgonine|concentration found ['PMC8227838']
[133/411] cocaethylene|metabolism found ['PMC8956485', 'PMC12957084']
[134/411] cocaethylene|analytical found ['PMC5645433', 'PMC9032145']
[135/411] cocaethylene|concentration not_found []
[136/411] amphetamine|metabolism found ['PMC8400571', 'PMC10310599']
[137/411] amphetamine|analytical found ['PMC10310599', 'PMC8400571']
[138/411] amphetamine|concentration found ['PMC11803147', 'PMC13476944']
[139/411] methamphetamine|metabolism found ['PMC4704828', 'PMC7217439']
[140/411] methamphetamine|analytical found ['PMC6868402', 'PMC12961213']
[141/411] methamphetamine|concentration found ['PMC11405366', 'PMC1448174']
[142/411] mdma|metabolism found ['PMC4788153', 'PMC11359928']
[143/411] mdma|analytical found ['PMC13139824', 'PMC7714609']
[144/411] mdma|concentration found ['PMC13139824', 'PMC7059052']
[145/411] mda|metabolism found ['PMC11816582', 'PMC11948839']
[146/411] mda|analytical found ['PMC3380914', 'PMC9496583']
[147/411] mda|concentration not_found []
[148/411] mdea|metabolism not_found []
[149/411] mdea|analytical not_found []
[150/411] mdea|concentration not_found []
[151/411] mephedrone|metabolism found ['PMC4978154', 'PMC8063026']
[152/411] mephedrone|analytical found ['PMC6999687', 'PMC12347919']
[153/411] mephedrone|concentration not_found []
[154/411] mdpv|metabolism found ['PMC7477084', 'PMC10447462']
[155/411] mdpv|analytical found ['PMC9917214', 'PMC3378466']
[156/411] mdpv|concentration found ['PMC6242792']
[157/411] alpha-pvp|metabolism found ['PMC7796222', 'PMC7835677']
[158/411] alpha-pvp|analytical found ['PMC7663692', 'PMC7796222']
[159/411] alpha-pvp|concentration found ['PMC7663692', 'PMC7449946']
[160/411] methylphenidate|metabolism found ['PMC6469618']
[161/411] methylphenidate|analytical found ['PMC6792245', 'PMC9348529']
[162/411] methylphenidate|concentration not_found []
[163/411] cathinone|metabolism found ['PMC9742833', 'PMC9783153']
[164/411] cathinone|analytical found ['PMC10303278', 'PMC6002430']
[165/411] cathinone|concentration found ['PMC10303278', 'PMC6002430']
[166/411] ephedrine|metabolism not_found []
[167/411] ephedrine|analytical found ['PMC12732496', 'PMC12923453']
[168/411] ephedrine|concentration found ['PMC12732496']
[169/411] thc|metabolism found ['PMC7578173', 'PMC10975434']
[170/411] thc|analytical found ['PMC10146061', 'PMC11480513']
[171/411] thc|concentration found ['PMC10536215', 'PMC12034656']
[172/411] 11-oh-thc|metabolism found ['PMC10975434', 'PMC11594202']
[173/411] 11-oh-thc|analytical found ['PMC11829072', 'PMC13130606']
[174/411] 11-oh-thc|concentration not_found []
[175/411] thc-cooh|metabolism found ['PMC8434267', 'PMC11594202']
[176/411] thc-cooh|analytical found ['PMC10146061', 'PMC12694267']
[177/411] thc-cooh|concentration found ['PMC10536215']
[178/411] cbd|metabolism found ['PMC12428432', 'PMC10975434']
[179/411] cbd|analytical found ['PMC9637868', 'PMC8818876']
[180/411] cbd|concentration found ['PMC6616248', 'PMC7554803']
[181/411] jwh-018|metabolism found ['PMC6168621', 'PMC3130777']
[182/411] jwh-018|analytical found ['PMC6168621']
[183/411] jwh-018|concentration found ['PMC9110546', 'PMC6661919']
[184/411] mdmb-4en-pinaca|metabolism found ['PMC7961380', 'PMC10141538']
[185/411] mdmb-4en-pinaca|analytical found ['PMC10141538', 'PMC12038813']
[186/411] mdmb-4en-pinaca|concentration not_found []
[187/411] adb-butinaca|metabolism found ['PMC13215650', 'PMC12886380']
[188/411] adb-butinaca|analytical found ['PMC12858572', 'PMC12408681']
[189/411] adb-butinaca|concentration found ['PMC12858572', 'PMC13215650']
[190/411] ketamine|metabolism found ['PMC6838457', 'PMC12678371']
[191/411] ketamine|analytical found ['PMC12280840', 'PMC5838158']
[192/411] ketamine|concentration not_found []
[193/411] pcp|metabolism found ['PMC3239845', 'PMC8635592']
[194/411] pcp|analytical found ['PMC12775048', 'PMC8635592']
[195/411] pcp|concentration found ['PMC11053433', 'PMC6946333']
[196/411] lsd|metabolism found ['PMC8149637', 'PMC10584820']
[197/411] lsd|analytical found ['PMC11643092', 'PMC7337592']
[198/411] lsd|concentration found ['PMC12030196', 'PMC12423360']
[199/411] psilocybin|metabolism found ['PMC11089204', 'PMC12030428']
[200/411] psilocybin|analytical found ['PMC13197576', 'PMC12290642']
[201/411] psilocybin|concentration not_found []
[202/411] ghb|metabolism found ['PMC10238486', 'PMC8927817']
[203/411] ghb|analytical found ['PMC10238486', 'PMC12151708']
[204/411] ghb|concentration found ['PMC5007834', 'PMC10196806']
[205/411] 2c-b|metabolism found ['PMC5859368', 'PMC4620274']
[206/411] 2c-b|analytical found ['PMC6445230', 'PMC8309701']
[207/411] 2c-b|concentration not_found []
[208/411] alprazolam|metabolism found ['PMC2408964', 'PMC9775082']
[209/411] alprazolam|analytical found ['PMC12430268', 'PMC11786117']
[210/411] alprazolam|concentration found ['PMC9516611', 'PMC4782857']
[211/411] diazepam|metabolism found ['PMC12749239', 'PMC7761063']
[212/411] diazepam|analytical found ['PMC12241295', 'PMC12430268']
[213/411] diazepam|concentration not_found []
[214/411] nordiazepam|metabolism found ['PMC12749239', 'PMC6594989']
[215/411] nordiazepam|analytical found ['PMC12241295', 'PMC12524225']
[216/411] nordiazepam|concentration not_found []
[217/411] oxazepam|metabolism found ['PMC10892093', 'PMC12241295']
[218/411] oxazepam|analytical found ['PMC10892093', 'PMC12241295']
[219/411] oxazepam|concentration not_found []
[220/411] temazepam|metabolism found ['PMC12749239', 'PMC7525091']
[221/411] temazepam|analytical found ['PMC10385699', 'PMC3929633']
[222/411] temazepam|concentration found ['PMC10385699']
[223/411] lorazepam|metabolism found ['PMC12953360', 'PMC6235651']
[224/411] lorazepam|analytical found ['PMC13342391', 'PMC8746686']
[225/411] lorazepam|concentration not_found []
[226/411] clonazepam|metabolism found ['PMC12956958', 'PMC4782857']
[227/411] clonazepam|analytical found ['PMC12956958', 'PMC12430268']
[228/411] clonazepam|concentration found ['PMC4782857']
[229/411] 7-aminoclonazepam|metabolism not_found []
[230/411] 7-aminoclonazepam|analytical found ['PMC8746686']
[231/411] 7-aminoclonazepam|concentration not_found []
[232/411] midazolam|metabolism found ['PMC7652802', 'PMC11054797']
[233/411] midazolam|analytical found ['PMC12522756']
[234/411] midazolam|concentration found ['PMC13331822']
[235/411] flunitrazepam|metabolism found ['PMC3929633']
[236/411] flunitrazepam|analytical found ['PMC9245979', 'PMC12430268']
[237/411] flunitrazepam|concentration not_found []
[238/411] phenazepam|metabolism found ['PMC8230725']
[239/411] phenazepam|analytical not_found []
[240/411] phenazepam|concentration found ['PMC8230725', 'PMC7733327']
[241/411] etizolam|metabolism found ['PMC7417405']
[242/411] etizolam|analytical found ['PMC10801481', 'PMC11678304']
[243/411] etizolam|concentration found ['PMC8230725', 'PMC7733327']
[244/411] bromazolam|metabolism not_found []
[245/411] bromazolam|analytical found ['PMC12237981', 'PMC11306312']
[246/411] bromazolam|concentration found ['PMC13040413', 'PMC12237981']
[247/411] flualprazolam|metabolism found ['PMC9715448']
[248/411] flualprazolam|analytical found ['PMC9715448']
[249/411] flualprazolam|concentration found ['PMC9715448', 'PMC10750316']
[250/411] zolpidem|metabolism found ['PMC8476623', 'PMC4616684']
[251/411] zolpidem|analytical found ['PMC11173445', 'PMC5962899']
[252/411] zolpidem|concentration found ['PMC11173445', 'PMC11125362']
[253/411] zopiclone|metabolism found ['PMC12497745', 'PMC5031812']
[254/411] zopiclone|analytical not_found []
[255/411] zopiclone|concentration not_found []
[256/411] phenobarbital|metabolism not_found []
[257/411] phenobarbital|analytical found ['PMC8942540']
[258/411] phenobarbital|concentration not_found []
[259/411] pentobarbital|metabolism found ['PMC6314990', 'PMC2575601']
[260/411] pentobarbital|analytical found ['PMC8942540']
[261/411] pentobarbital|concentration not_found []
[262/411] secobarbital|metabolism not_found []
[263/411] secobarbital|analytical not_found []
[264/411] secobarbital|concentration not_found []
[265/411] butalbital|metabolism not_found []
[266/411] butalbital|analytical not_found []
[267/411] butalbital|concentration not_found []
[268/411] amitriptyline|metabolism found ['PMC13206195', 'PMC8175851']
[269/411] amitriptyline|analytical found ['PMC13206195', 'PMC11012176']
[270/411] amitriptyline|concentration found ['PMC12000722']
[271/411] nortriptyline|metabolism found ['PMC12000722', 'PMC8175851']
[272/411] nortriptyline|analytical found ['PMC9856149', 'PMC13206195']
[273/411] nortriptyline|concentration found ['PMC12000722']
[274/411] imipramine|metabolism found ['PMC5942791']
[275/411] imipramine|analytical found ['PMC9856149']
[276/411] imipramine|concentration not_found []
[277/411] doxepin|metabolism found ['PMC12999657', 'PMC4086251']
[278/411] doxepin|analytical not_found []
[279/411] doxepin|concentration not_found []
[280/411] citalopram|metabolism found ['PMC6389830', 'PMC4720707']
[281/411] citalopram|analytical found ['PMC9415759', 'PMC7722423']
[282/411] citalopram|concentration found ['PMC9415759', 'PMC8966227']
[283/411] sertraline|metabolism found ['PMC13252811', 'PMC6372542']
[284/411] sertraline|analytical found ['PMC9950877', 'PMC8889862']
[285/411] sertraline|concentration not_found []
[286/411] fluoxetine|metabolism found ['PMC12845259', 'PMC7912198']
[287/411] fluoxetine|analytical found ['PMC11477725', 'PMC10882974']
[288/411] fluoxetine|concentration not_found []
[289/411] venlafaxine|metabolism found ['PMC12944365', 'PMC10053335']
[290/411] venlafaxine|analytical found ['PMC10053335', 'PMC3304372']
[291/411] venlafaxine|concentration found ['PMC11126471']
[292/411] mirtazapine|metabolism found ['PMC6270698', 'PMC13086767']
[293/411] mirtazapine|analytical not_found []
[294/411] mirtazapine|concentration not_found []
[295/411] trazodone|metabolism found ['PMC12931868', 'PMC12518996']
[296/411] trazodone|analytical found ['PMC9415759', 'PMC4591485']
[297/411] trazodone|concentration not_found []
[298/411] bupropion|metabolism found ['PMC5874814', 'PMC4788153']
[299/411] bupropion|analytical not_found []
[300/411] bupropion|concentration found ['PMC12735355']
[301/411] olanzapine|metabolism found ['PMC10613299', 'PMC12287053']
[302/411] olanzapine|analytical found ['PMC10310574', 'PMC10975642']
[303/411] olanzapine|concentration found ['PMC10477032', 'PMC7644715']
[304/411] quetiapine|metabolism found ['PMC8233787', 'PMC8540141']
[305/411] quetiapine|analytical found ['PMC11269378', 'PMC2804057']
[306/411] quetiapine|concentration found ['PMC10819769', 'PMC11269378']
[307/411] clozapine|metabolism found ['PMC12308912', 'PMC11143807']
[308/411] clozapine|analytical found ['PMC8589649', 'PMC7858600']
[309/411] clozapine|concentration found ['PMC5107233', 'PMC7869193']
[310/411] haloperidol|metabolism found ['PMC9506126', 'PMC5002457']
[311/411] haloperidol|analytical found ['PMC9506126', 'PMC9932326']
[312/411] haloperidol|concentration not_found []
[313/411] risperidone|metabolism found ['PMC7417932', 'PMC6048722']
[314/411] risperidone|analytical not_found []
[315/411] risperidone|concentration not_found []
[316/411] chlorpromazine|metabolism not_found []
[317/411] chlorpromazine|analytical found ['PMC12294483', 'PMC10004700']
[318/411] chlorpromazine|concentration not_found []
[319/411] carbamazepine|metabolism found ['PMC7922031', 'PMC8247401']
[320/411] carbamazepine|analytical found ['PMC11803175', 'PMC6238399']
[321/411] carbamazepine|concentration found ['PMC9170510', 'PMC5628224']
[322/411] valproic-acid|metabolism found ['PMC9108155', 'PMC9068565']
[323/411] valproic-acid|analytical found ['PMC8062144']
[324/411] valproic-acid|concentration found ['PMC11090666']
[325/411] lamotrigine|metabolism found ['PMC11137871', 'PMC5833099']
[326/411] lamotrigine|analytical found ['PMC11953093', 'PMC8603012']
[327/411] lamotrigine|concentration found ['PMC11953093', 'PMC4673960']
[328/411] phenytoin|metabolism found ['PMC10609929', 'PMC12378293']
[329/411] phenytoin|analytical found ['PMC5901821', 'PMC2701166']
[330/411] phenytoin|concentration found ['PMC4769050']
[331/411] pregabalin|metabolism found ['PMC11860030']
[332/411] pregabalin|analytical found ['PMC12046110', 'PMC10808286']
[333/411] pregabalin|concentration found ['PMC11525243', 'PMC8048397']
[334/411] gabapentin|metabolism found ['PMC11666351']
[335/411] gabapentin|analytical found ['PMC8635626', 'PMC12046110']
[336/411] gabapentin|concentration not_found []
[337/411] paracetamol|metabolism found ['PMC9785892', 'PMC8038326']
[338/411] paracetamol|analytical found ['PMC8038326', 'PMC8156741']
[339/411] paracetamol|concentration found ['PMC9415759']
[340/411] salicylic-acid|metabolism found ['PMC3482208', 'PMC6035838']
[341/411] salicylic-acid|analytical found ['PMC4451639', 'PMC10371099']
[342/411] salicylic-acid|concentration found ['PMC12414438']
[343/411] ibuprofen|metabolism found ['PMC9195938', 'PMC10659733']
[344/411] ibuprofen|analytical found ['PMC13070318', 'PMC10610253']
[345/411] ibuprofen|concentration found ['PMC1550881']
[346/411] diphenhydramine|metabolism found ['PMC5299161', 'PMC11677874']
[347/411] diphenhydramine|analytical found ['PMC9321436', 'PMC7941948']
[348/411] diphenhydramine|concentration found ['PMC8327444']
[349/411] digoxin|metabolism found ['PMC9941676', 'PMC9916042']
[350/411] digoxin|analytical found ['PMC9916042', 'PMC9941676']
[351/411] digoxin|concentration found ['PMC12274681', 'PMC10186368']
[352/411] metformin|metabolism found ['PMC8946838', 'PMC7921791']
[353/411] metformin|analytical found ['PMC9229792', 'PMC10925573']
[354/411] metformin|concentration found ['PMC3682281', 'PMC6916532']
[355/411] propranolol|metabolism found ['PMC4917112', 'PMC9267274']
[356/411] propranolol|analytical found ['PMC4048194', 'PMC5526999']
[357/411] propranolol|concentration not_found []
[358/411] verapamil|metabolism found ['PMC7034088', 'PMC4157014']
[359/411] verapamil|analytical not_found []
[360/411] verapamil|concentration not_found []
[361/411] colchicine|metabolism found ['PMC10038372', 'PMC7184732']
[362/411] colchicine|analytical found ['PMC11232463']
[363/411] colchicine|concentration found ['PMC9049641']
[364/411] lidocaine|metabolism found ['PMC7913210', 'PMC10744742']
[365/411] lidocaine|analytical found ['PMC11564208', 'PMC12845211']
[366/411] lidocaine|concentration not_found []
[367/411] xylazine|metabolism found ['PMC12532626', 'PMC10748319']
[368/411] xylazine|analytical found ['PMC10748319', 'PMC12532626']
[369/411] xylazine|concentration found ['PMC10748319', 'PMC10063250']
[370/411] levamisole|metabolism found ['PMC4077236', 'PMC9395304']
[371/411] levamisole|analytical found ['PMC3443238']
[372/411] levamisole|concentration not_found []
[373/411] chlorpyrifos|metabolism found ['PMC3466218', 'PMC9786062']
[374/411] chlorpyrifos|analytical found ['PMC7369984', 'PMC3466218']
[375/411] chlorpyrifos|concentration not_found []
[376/411] aluminium-phosphide|metabolism found ['PMC8926529']
[377/411] aluminium-phosphide|analytical not_found []
[378/411] aluminium-phosphide|concentration not_found []
[379/411] paraquat|metabolism found ['PMC13299595', 'PMC13210998']
[380/411] paraquat|analytical found ['PMC7822122', 'PMC6025106']
[381/411] paraquat|concentration not_found []
[382/411] glyphosate|metabolism found ['PMC8788447', 'PMC7261737']
[383/411] glyphosate|analytical found ['PMC8625783', 'PMC6503538']
[384/411] glyphosate|concentration not_found []
[385/411] diazinon|metabolism found ['PMC9445152', 'PMC8591295']
[386/411] diazinon|analytical found ['PMC12156338', 'PMC11927743']
[387/411] diazinon|concentration not_found []
[388/411] malathion|metabolism found ['PMC9502784', 'PMC1665422']
[389/411] malathion|analytical found ['PMC4014508']
[390/411] malathion|concentration found ['PMC8172840']
[391/411] parathion|metabolism found ['PMC4538366', 'PMC4195395']
[392/411] parathion|analytical found ['PMC4538366', 'PMC9124651']
[393/411] parathion|concentration not_found []
[394/411] carbofuran|metabolism found ['PMC8989696', 'PMC8950912']
[395/411] carbofuran|analytical found ['PMC8989696', 'PMC3852017']
[396/411] carbofuran|concentration not_found []
[397/411] aldicarb|metabolism found ['PMC13136561', 'PMC5393889']
[398/411] aldicarb|analytical found ['PMC13136561', 'PMC5393889']
[399/411] aldicarb|concentration found ['PMC13136561']
[400/411] strychnine|metabolism found ['PMC8954432']
[401/411] strychnine|analytical found ['PMC8817065', 'PMC5671718']
[402/411] strychnine|concentration found ['PMC9103354']
[403/411] brodifacoum|metabolism found ['PMC13008109', 'PMC6765355']
[404/411] brodifacoum|analytical found ['PMC8328164', 'PMC8388241']
[405/411] brodifacoum|concentration found ['PMC5796583', 'PMC13534099']
[406/411] arsenic-trioxide|metabolism found ['PMC3702000', 'PMC4992680']
[407/411] arsenic-trioxide|analytical found ['PMC9441675', 'PMC5664814']
[408/411] arsenic-trioxide|concentration found ['PMC11203474', 'PMC6796459']
[409/411] thallium-sulfate|metabolism not_found []
[410/411] thallium-sulfate|analytical found ['PMC13017095', 'PMC7994691']
[411/411] thallium-sulfate|concentration found ['PMC11436495', 'PMC12386648']
