[1/229] 4
[2/229] 8
[3/229] 12
[4/229] 16
[5/229] 20
[6/229] 24
[7/229] 28
[8/229] 32
[9/229] 36
[10/229] 40
[11/229] 44
[12/229] 48
[13/229] 52
[14/229] 56
[15/229] 60
[16/229] 64
[17/229] 68
[18/229] 72
[19/229] 76
[20/229] 80
[21/229] 84
[22/229] 88
[23/229] 92
[24/229] 96
[25/229] 100
[26/229] 104
[27/229] 108
[28/229] 112
[29/229] 116
[30/229] 120
[31/229] 124
[32/229] 128
[33/229] 132
[34/229] 135
[35/229] 139
[36/229] 143
[37/229] 147
[38/229] 151
[39/229] 153
[40/229] 157
[41/229] 161
[42/229] 165
[43/229] 169
[44/229] 173
[45/229] 177
[46/229] 181
[47/229] 185
[48/229] 189
[49/229] 193
[50/229] 197
[51/229] 201
[52/229] 205
[53/229] 209
[54/229] 213
[55/229] 217
[56/229] 221
[57/229] 225
[58/229] 229
[59/229] 233
[60/229] 237
[61/229] 241
[62/229] 245
[63/229] 249
[64/229] 253
[65/229] 257
[66/229] 261
[67/229] 265
[68/229] 269
[69/229] 273
[70/229] 277
[71/229] 281
[72/229] 285
[73/229] 289
[74/229] 293
[75/229] 297
[76/229] 301
[77/229] 305
[78/229] 309
[79/229] 313
[80/229] 317
[81/229] 321
[82/229] 325
[83/229] 329
[84/229] 333
[85/229] 337
[86/229] 341
[87/229] 345
[88/229] 349
[89/229] 353
[90/229] 357
[91/229] 361
[92/229] 365
[93/229] 369
[94/229] 373
[95/229] 377
[96/229] 381
[97/229] 385
[98/229] 389
[99/229] 393
[100/229] 397
[101/229] 401
[102/229] 405
[103/229] 409
[104/229] 413
[105/229] 417
[106/229] 421
[107/229] 425
[108/229] 429
[109/229] 433
[110/229] 437
[111/229] 441
[112/229] 445
[113/229] 449
[114/229] 453
[115/229] 457
[116/229] 461
[117/229] 465
[118/229] 469
[119/229] 473
[120/229] 477
[121/229] 481
[122/229] 485
[123/229] 489
[124/229] 493
[125/229] 497
[126/229] 501
[127/229] 505
[128/229] 509
[129/229] 513
[130/229] 517
[131/229] 521
[132/229] 525
[133/229] 529
[134/229] 533
[135/229] 537
[136/229] 541
[137/229] 545
[138/229] 548
[139/229] 551
[140/229] 554
[141/229] 557
[142/229] 560
[143/229] 563
[144/229] 566
[145/229] 569
[146/229] 572
[147/229] 575
[148/229] 578
[149/229] 581
[150/229] 584
[151/229] 587
[152/229] 590
[153/229] 593
[154/229] 596
[155/229] 599
[156/229] 602
[157/229] 605
[158/229] 608
[159/229] 611
[160/229] 614
[161/229] 617
[162/229] 620
[163/229] 623
[164/229] 626
[165/229] 629
[166/229] 632
[167/229] 635
[168/229] 638
[169/229] 641
[170/229] 644
[171/229] 647
[172/229] 650
[173/229] 653
[174/229] 656
[175/229] 659
[176/229] 662
[177/229] 665
[179/229] 668
[180/229] 671
[181/229] 674
[182/229] 677
[183/229] 680
[184/229] 683
[185/229] 686
[186/229] 689
[187/229] 692
[188/229] 693
[189/229] 696
[190/229] 699
[191/229] 702
[192/229] 703
[193/229] 706
[194/229] 709
[195/229] 712
[196/229] 715
[197/229] 718
[198/229] 721
[199/229] 724
[200/229] 727
[201/229] 730
[202/229] 733
[203/229] 736
[204/229] 739
[205/229] 742
[206/229] 745
[207/229] 748
[208/229] 751
[209/229] 752
[210/229] 755
[211/229] 758
[212/229] 761
[213/229] 764
[214/229] 767
[215/229] 769
[216/229] 772
[217/229] 775
[218/229] 778
[219/229] 781
[220/229] 784
[221/229] 785
[222/229] 788
[223/229] 791
[224/229] 794
[225/229] 795
[226/229] 798
[227/229] 801
[229/229] 826
